// Jest Snapshot v1, https://goo.gl/fbAQLP

exports[`loading 1`] = `
<div>
  <BusStationHeader
    direction="Waterloo"
    stationName="Bla Street"
  />
  <p>
    Loading...
  </p>
</div>
`;
